Blissey @ Leftovers  
EVs: 148 HP / 252 Def / 108 SpD  
Bold Nature  
- Wish  
- Toxic  
- Protect  
- Seismic Toss  

