Blissey @ leftovers  
Ability: Natural Cure  
EVs: 148 HP / 252 Def / 108 SpD  
Bold Nature  
- wish  
- toxic  
- protect  
- seismictoss  

