Fakey (fake) @ fake  
Ability: fake  
- fakemove1  
- fakemove2  
- fakemove3  
- fakemove4  

