Alakazam-Mega (F) @ Alakazite  
Ability: Magic Guard  
EVs: 252 SpA / 252 Spe  
Timid Nature  
IVs: 0 Atk  
- Psychic  
- Focus Blast  
- Shadow Ball  
- Recover  

