Maggy (Magnezone) @ Choice Specs  
Ability: Magnet Pull  
Level: 50  
Shiny: Yes  
Happiness: 0  
EVs: 85 HP / 85 Atk / 85 Def / 85 SpA / 85 SpD / 85 Spe  
Serious Nature  
IVs: 1 HP / 30 Atk / 29 Def / 28 SpA / 26 SpD / 26 Spe  
- Thunderbolt  
- Flash Cannon  
- Hidden Power [Fire]  
- Volt Switch  

