Marowak (M) @ Leftovers  
EVs: 252 HP / 252 Atk / 252 Def / 252 SpA / 252 SpD / 252 Spe  
IVs: 26 Atk / 26 Def  
- Earthquake  
- Hidden Power [Bug]  
- Rock Slide  
- Swords Dance  

