Tangrowth @ Assault Vest  
Ability: Regenerator  
EVs: 248 HP / 8 Def / 252 SpD  
Sassy Nature  
IVs: 30 Atk / 30 Def  
- Giga Drain  
- Knock Off  
- Power Whip  
- Earthquake  

