Tauros  
Ability: Intimidate  
EVs: 252 HP / 252 Atk / 252 Def / 252 SpA / 252 SpD / 252 Spe  
- Blizzard  
- Body Slam  
- Earthquake  
- Hyper Beam  

