Tauros  
- Blizzard  
- Body Slam  
- Earthquake  
- Hyper Beam  

